*** EVALUATION ************************************************************************************************
*********************************************************************************************
LINKING FAILED
The linking process failed in some stage.
Depending on the phase the linker failed, part of the information contained in this map file may be inaccurate or wrong.
If the linking failed before the allocation phase finished, then the addresses might be inaccurate.
Also summary information like the code size is likely to be misleading.
---------------------------------------------------------------------------------------------
---------------------------------------------------------------------------------------------

PROGRAM "C:\Users\Hrithikraj\Documents\Fall Alert\bin\Project.abs"

*********************************************************************************************
TARGET SECTION
---------------------------------------------------------------------------------------------
Processor   : Freescale HC12
Memory Model: BANKED
File Format : ELF (no debug info)
Linker      : SmartLinker V-5.0.40 Build 10203, Jul 23 2010

*********************************************************************************************
FILE SECTION
---------------------------------------------------------------------------------------------

*********************************************************************************************
STARTUP SECTION
---------------------------------------------------------------------------------------------

*********************************************************************************************
SECTION-ALLOCATION SECTION
Section Name                    Size  Type     From       To       Segment
---------------------------------------------------------------------------------------------
.abs_section_8                     1   N/I        0x8        0x8   .absSeg0
.abs_section_9                     1   N/I        0x9        0x9   .absSeg1
.abs_section_a                     1   N/I        0xA        0xA   .absSeg2
.abs_section_b                     1   N/I        0xB        0xB   .absSeg3
.abs_section_c                     1   N/I        0xC        0xC   .absSeg4
.abs_section_d                     1   N/I        0xD        0xD   .absSeg5
.abs_section_e                     1   N/I        0xE        0xE   .absSeg6
.abs_section_10                    1   N/I       0x10       0x10   .absSeg7
.abs_section_11                    1   N/I       0x11       0x11   .absSeg8
.abs_section_12                    1   N/I       0x12       0x12   .absSeg9
.abs_section_13                    1   N/I       0x13       0x13   .absSeg10
.abs_section_15                    1   N/I       0x15       0x15   .absSeg11
.abs_section_16                    1   N/I       0x16       0x16   .absSeg12
.abs_section_1c                    1   N/I       0x1C       0x1C   .absSeg13
.abs_section_1d                    1   N/I       0x1D       0x1D   .absSeg14
.abs_section_1e                    1   N/I       0x1E       0x1E   .absSeg15
.abs_section_1f                    1   N/I       0x1F       0x1F   .absSeg16
.abs_section_28                    1   N/I       0x28       0x28   .absSeg17
.abs_section_29                    1   N/I       0x29       0x29   .absSeg18
.abs_section_2a                    1   N/I       0x2A       0x2A   .absSeg19
.abs_section_2b                    1   N/I       0x2B       0x2B   .absSeg20
.abs_section_2c                    1   N/I       0x2C       0x2C   .absSeg21
.abs_section_2d                    1   N/I       0x2D       0x2D   .absSeg22
.abs_section_2e                    1   N/I       0x2E       0x2E   .absSeg23
.abs_section_2f                    1   N/I       0x2F       0x2F   .absSeg24
.abs_section_30                    1   N/I       0x30       0x30   .absSeg25
.abs_section_32                    1   N/I       0x32       0x32   .absSeg26
.abs_section_33                    1   N/I       0x33       0x33   .absSeg27
.abs_section_34                    1   N/I       0x34       0x34   .absSeg28
.abs_section_35                    1   N/I       0x35       0x35   .absSeg29
.abs_section_37                    1   N/I       0x37       0x37   .absSeg30
.abs_section_38                    1   N/I       0x38       0x38   .absSeg31
.abs_section_39                    1   N/I       0x39       0x39   .absSeg32
.abs_section_3a                    1   N/I       0x3A       0x3A   .absSeg33
.abs_section_3b                    1   N/I       0x3B       0x3B   .absSeg34
.abs_section_3c                    1   N/I       0x3C       0x3C   .absSeg35
.abs_section_3f                    1   N/I       0x3F       0x3F   .absSeg36
.abs_section_40                    1   N/I       0x40       0x40   .absSeg37
.abs_section_41                    1   N/I       0x41       0x41   .absSeg38
.abs_section_42                    1   N/I       0x42       0x42   .absSeg39
.abs_section_43                    1   N/I       0x43       0x43   .absSeg40
.abs_section_46                    1   N/I       0x46       0x46   .absSeg41
.abs_section_47                    1   N/I       0x47       0x47   .absSeg42
.abs_section_48                    1   N/I       0x48       0x48   .absSeg43
.abs_section_49                    1   N/I       0x49       0x49   .absSeg44
.abs_section_4a                    1   N/I       0x4A       0x4A   .absSeg45
.abs_section_4b                    1   N/I       0x4B       0x4B   .absSeg46
.abs_section_4c                    1   N/I       0x4C       0x4C   .absSeg47
.abs_section_4d                    1   N/I       0x4D       0x4D   .absSeg48
.abs_section_4e                    1   N/I       0x4E       0x4E   .absSeg49
.abs_section_4f                    1   N/I       0x4F       0x4F   .absSeg50
.abs_section_60                    1   N/I       0x60       0x60   .absSeg51
.abs_section_61                    1   N/I       0x61       0x61   .absSeg52
.abs_section_66                    1   N/I       0x66       0x66   .absSeg53
.abs_section_67                    1   N/I       0x67       0x67   .absSeg54
.abs_section_68                    1   N/I       0x68       0x68   .absSeg55
.abs_section_69                    1   N/I       0x69       0x69   .absSeg56
.abs_section_6a                    1   N/I       0x6A       0x6A   .absSeg57
.abs_section_6b                    1   N/I       0x6B       0x6B   .absSeg58
.abs_section_70                    1   N/I       0x70       0x70   .absSeg59
.abs_section_71                    1   N/I       0x71       0x71   .absSeg60
.abs_section_86                    1   N/I       0x86       0x86   .absSeg61
.abs_section_89                    1   N/I       0x89       0x89   .absSeg62
.abs_section_8b                    1   N/I       0x8B       0x8B   .absSeg63
.abs_section_8d                    1   N/I       0x8D       0x8D   .absSeg64
.abs_section_8f                    1   N/I       0x8F       0x8F   .absSeg65
.abs_section_a0                    1   N/I       0xA0       0xA0   .absSeg66
.abs_section_a1                    1   N/I       0xA1       0xA1   .absSeg67
.abs_section_a2                    1   N/I       0xA2       0xA2   .absSeg68
.abs_section_a3                    1   N/I       0xA3       0xA3   .absSeg69
.abs_section_a4                    1   N/I       0xA4       0xA4   .absSeg70
.abs_section_a5                    1   N/I       0xA5       0xA5   .absSeg71
.abs_section_a8                    1   N/I       0xA8       0xA8   .absSeg72
.abs_section_a9                    1   N/I       0xA9       0xA9   .absSeg73
.abs_section_c4                    1   N/I       0xC4       0xC4   .absSeg74
.abs_section_ca                    1   N/I       0xCA       0xCA   .absSeg75
.abs_section_cb                    1   N/I       0xCB       0xCB   .absSeg76
.abs_section_cc                    1   N/I       0xCC       0xCC   .absSeg77
.abs_section_cd                    1   N/I       0xCD       0xCD   .absSeg78
.abs_section_ce                    1   N/I       0xCE       0xCE   .absSeg79
.abs_section_cf                    1   N/I       0xCF       0xCF   .absSeg80
.abs_section_d2                    1   N/I       0xD2       0xD2   .absSeg81
.abs_section_d3                    1   N/I       0xD3       0xD3   .absSeg82
.abs_section_d4                    1   N/I       0xD4       0xD4   .absSeg83
.abs_section_d5                    1   N/I       0xD5       0xD5   .absSeg84
.abs_section_d6                    1   N/I       0xD6       0xD6   .absSeg85
.abs_section_d7                    1   N/I       0xD7       0xD7   .absSeg86
.abs_section_d8                    1   N/I       0xD8       0xD8   .absSeg87
.abs_section_d9                    1   N/I       0xD9       0xD9   .absSeg88
.abs_section_da                    1   N/I       0xDA       0xDA   .absSeg89
.abs_section_db                    1   N/I       0xDB       0xDB   .absSeg90
.abs_section_dd                    1   N/I       0xDD       0xDD   .absSeg91
.abs_section_e0                    1   N/I       0xE0       0xE0   .absSeg92
.abs_section_e1                    1   N/I       0xE1       0xE1   .absSeg93
.abs_section_e2                    1   N/I       0xE2       0xE2   .absSeg94
.abs_section_e3                    1   N/I       0xE3       0xE3   .absSeg95
.abs_section_e4                    1   N/I       0xE4       0xE4   .absSeg96
.abs_section_f0                    1   N/I       0xF0       0xF0   .absSeg97
.abs_section_f1                    1   N/I       0xF1       0xF1   .absSeg98
.abs_section_f2                    1   N/I       0xF2       0xF2   .absSeg99
.abs_section_f3                    1   N/I       0xF3       0xF3   .absSeg100
.abs_section_f5                    1   N/I       0xF5       0xF5   .absSeg101
.abs_section_f8                    1   N/I       0xF8       0xF8   .absSeg102
.abs_section_f9                    1   N/I       0xF9       0xF9   .absSeg103
.abs_section_fa                    1   N/I       0xFA       0xFA   .absSeg104
.abs_section_fb                    1   N/I       0xFB       0xFB   .absSeg105
.abs_section_fd                    1   N/I       0xFD       0xFD   .absSeg106
.abs_section_100                   1   N/I      0x100      0x100   .absSeg107
.abs_section_101                   1   N/I      0x101      0x101   .absSeg108
.abs_section_103                   1   N/I      0x103      0x103   .absSeg109
.abs_section_104                   1   N/I      0x104      0x104   .absSeg110
.abs_section_105                   1   N/I      0x105      0x105   .absSeg111
.abs_section_106                   1   N/I      0x106      0x106   .absSeg112
.abs_section_110                   1   N/I      0x110      0x110   .absSeg113
.abs_section_113                   1   N/I      0x113      0x113   .absSeg114
.abs_section_114                   1   N/I      0x114      0x114   .absSeg115
.abs_section_115                   1   N/I      0x115      0x115   .absSeg116
.abs_section_116                   1   N/I      0x116      0x116   .absSeg117
.abs_section_126                   1   N/I      0x126      0x126   .absSeg118
.abs_section_129                   1   N/I      0x129      0x129   .absSeg119
.abs_section_12b                   1   N/I      0x12B      0x12B   .absSeg120
.abs_section_12d                   1   N/I      0x12D      0x12D   .absSeg121
.abs_section_12f                   1   N/I      0x12F      0x12F   .absSeg122
.abs_section_140                   1   N/I      0x140      0x140   .absSeg123
.abs_section_141                   1   N/I      0x141      0x141   .absSeg124
.abs_section_142                   1   N/I      0x142      0x142   .absSeg125
.abs_section_143                   1   N/I      0x143      0x143   .absSeg126
.abs_section_144                   1   N/I      0x144      0x144   .absSeg127
.abs_section_145                   1   N/I      0x145      0x145   .absSeg128
.abs_section_146                   1   N/I      0x146      0x146   .absSeg129
.abs_section_147                   1   N/I      0x147      0x147   .absSeg130
.abs_section_148                   1   N/I      0x148      0x148   .absSeg131
.abs_section_149                   1   N/I      0x149      0x149   .absSeg132
.abs_section_14a                   1   N/I      0x14A      0x14A   .absSeg133
.abs_section_14b                   1   N/I      0x14B      0x14B   .absSeg134
.abs_section_14e                   1   N/I      0x14E      0x14E   .absSeg135
.abs_section_14f                   1   N/I      0x14F      0x14F   .absSeg136
.abs_section_150                   1   N/I      0x150      0x150   .absSeg137
.abs_section_151                   1   N/I      0x151      0x151   .absSeg138
.abs_section_152                   1   N/I      0x152      0x152   .absSeg139
.abs_section_153                   1   N/I      0x153      0x153   .absSeg140
.abs_section_154                   1   N/I      0x154      0x154   .absSeg141
.abs_section_155                   1   N/I      0x155      0x155   .absSeg142
.abs_section_156                   1   N/I      0x156      0x156   .absSeg143
.abs_section_157                   1   N/I      0x157      0x157   .absSeg144
.abs_section_158                   1   N/I      0x158      0x158   .absSeg145
.abs_section_159                   1   N/I      0x159      0x159   .absSeg146
.abs_section_15a                   1   N/I      0x15A      0x15A   .absSeg147
.abs_section_15b                   1   N/I      0x15B      0x15B   .absSeg148
.abs_section_15c                   1   N/I      0x15C      0x15C   .absSeg149
.abs_section_15d                   1   N/I      0x15D      0x15D   .absSeg150
.abs_section_15e                   1   N/I      0x15E      0x15E   .absSeg151
.abs_section_15f                   1   N/I      0x15F      0x15F   .absSeg152
.abs_section_160                   1   N/I      0x160      0x160   .absSeg153
.abs_section_161                   1   N/I      0x161      0x161   .absSeg154
.abs_section_162                   1   N/I      0x162      0x162   .absSeg155
.abs_section_163                   1   N/I      0x163      0x163   .absSeg156
.abs_section_164                   1   N/I      0x164      0x164   .absSeg157
.abs_section_165                   1   N/I      0x165      0x165   .absSeg158
.abs_section_166                   1   N/I      0x166      0x166   .absSeg159
.abs_section_167                   1   N/I      0x167      0x167   .absSeg160
.abs_section_168                   1   N/I      0x168      0x168   .absSeg161
.abs_section_169                   1   N/I      0x169      0x169   .absSeg162
.abs_section_16a                   1   N/I      0x16A      0x16A   .absSeg163
.abs_section_16b                   1   N/I      0x16B      0x16B   .absSeg164
.abs_section_16c                   1   N/I      0x16C      0x16C   .absSeg165
.abs_section_170                   1   N/I      0x170      0x170   .absSeg166
.abs_section_171                   1   N/I      0x171      0x171   .absSeg167
.abs_section_172                   1   N/I      0x172      0x172   .absSeg168
.abs_section_173                   1   N/I      0x173      0x173   .absSeg169
.abs_section_174                   1   N/I      0x174      0x174   .absSeg170
.abs_section_175                   1   N/I      0x175      0x175   .absSeg171
.abs_section_176                   1   N/I      0x176      0x176   .absSeg172
.abs_section_177                   1   N/I      0x177      0x177   .absSeg173
.abs_section_178                   1   N/I      0x178      0x178   .absSeg174
.abs_section_179                   1   N/I      0x179      0x179   .absSeg175
.abs_section_17a                   1   N/I      0x17A      0x17A   .absSeg176
.abs_section_17b                   1   N/I      0x17B      0x17B   .absSeg177
.abs_section_17c                   1   N/I      0x17C      0x17C   .absSeg178
.abs_section_17d                   1   N/I      0x17D      0x17D   .absSeg179
.abs_section_240                   1   N/I      0x240      0x240   .absSeg180
.abs_section_241                   1   N/I      0x241      0x241   .absSeg181
.abs_section_242                   1   N/I      0x242      0x242   .absSeg182
.abs_section_243                   1   N/I      0x243      0x243   .absSeg183
.abs_section_244                   1   N/I      0x244      0x244   .absSeg184
.abs_section_245                   1   N/I      0x245      0x245   .absSeg185
.abs_section_248                   1   N/I      0x248      0x248   .absSeg186
.abs_section_249                   1   N/I      0x249      0x249   .absSeg187
.abs_section_24a                   1   N/I      0x24A      0x24A   .absSeg188
.abs_section_24b                   1   N/I      0x24B      0x24B   .absSeg189
.abs_section_24c                   1   N/I      0x24C      0x24C   .absSeg190
.abs_section_24d                   1   N/I      0x24D      0x24D   .absSeg191
.abs_section_24e                   1   N/I      0x24E      0x24E   .absSeg192
.abs_section_250                   1   N/I      0x250      0x250   .absSeg193
.abs_section_251                   1   N/I      0x251      0x251   .absSeg194
.abs_section_252                   1   N/I      0x252      0x252   .absSeg195
.abs_section_253                   1   N/I      0x253      0x253   .absSeg196
.abs_section_254                   1   N/I      0x254      0x254   .absSeg197
.abs_section_255                   1   N/I      0x255      0x255   .absSeg198
.abs_section_256                   1   N/I      0x256      0x256   .absSeg199
.abs_section_257                   1   N/I      0x257      0x257   .absSeg200
.abs_section_258                   1   N/I      0x258      0x258   .absSeg201
.abs_section_259                   1   N/I      0x259      0x259   .absSeg202
.abs_section_25a                   1   N/I      0x25A      0x25A   .absSeg203
.abs_section_25b                   1   N/I      0x25B      0x25B   .absSeg204
.abs_section_25c                   1   N/I      0x25C      0x25C   .absSeg205
.abs_section_25d                   1   N/I      0x25D      0x25D   .absSeg206
.abs_section_25e                   1   N/I      0x25E      0x25E   .absSeg207
.abs_section_25f                   1   N/I      0x25F      0x25F   .absSeg208
.abs_section_260                   1   N/I      0x260      0x260   .absSeg209
.abs_section_261                   1   N/I      0x261      0x261   .absSeg210
.abs_section_262                   1   N/I      0x262      0x262   .absSeg211
.abs_section_263                   1   N/I      0x263      0x263   .absSeg212
.abs_section_264                   1   N/I      0x264      0x264   .absSeg213
.abs_section_265                   1   N/I      0x265      0x265   .absSeg214
.abs_section_266                   1   N/I      0x266      0x266   .absSeg215
.abs_section_267                   1   N/I      0x267      0x267   .absSeg216
.abs_section_268                   1   N/I      0x268      0x268   .absSeg217
.abs_section_269                   1   N/I      0x269      0x269   .absSeg218
.abs_section_26a                   1   N/I      0x26A      0x26A   .absSeg219
.abs_section_26b                   1   N/I      0x26B      0x26B   .absSeg220
.abs_section_26c                   1   N/I      0x26C      0x26C   .absSeg221
.abs_section_26d                   1   N/I      0x26D      0x26D   .absSeg222
.abs_section_26e                   1   N/I      0x26E      0x26E   .absSeg223
.abs_section_26f                   1   N/I      0x26F      0x26F   .absSeg224
.abs_section_280                   1   N/I      0x280      0x280   .absSeg225
.abs_section_281                   1   N/I      0x281      0x281   .absSeg226
.abs_section_282                   1   N/I      0x282      0x282   .absSeg227
.abs_section_283                   1   N/I      0x283      0x283   .absSeg228
.abs_section_284                   1   N/I      0x284      0x284   .absSeg229
.abs_section_285                   1   N/I      0x285      0x285   .absSeg230
.abs_section_286                   1   N/I      0x286      0x286   .absSeg231
.abs_section_287                   1   N/I      0x287      0x287   .absSeg232
.abs_section_288                   1   N/I      0x288      0x288   .absSeg233
.abs_section_289                   1   N/I      0x289      0x289   .absSeg234
.abs_section_28a                   1   N/I      0x28A      0x28A   .absSeg235
.abs_section_28b                   1   N/I      0x28B      0x28B   .absSeg236
.abs_section_28e                   1   N/I      0x28E      0x28E   .absSeg237
.abs_section_28f                   1   N/I      0x28F      0x28F   .absSeg238
.abs_section_290                   1   N/I      0x290      0x290   .absSeg239
.abs_section_291                   1   N/I      0x291      0x291   .absSeg240
.abs_section_292                   1   N/I      0x292      0x292   .absSeg241
.abs_section_293                   1   N/I      0x293      0x293   .absSeg242
.abs_section_294                   1   N/I      0x294      0x294   .absSeg243
.abs_section_295                   1   N/I      0x295      0x295   .absSeg244
.abs_section_296                   1   N/I      0x296      0x296   .absSeg245
.abs_section_297                   1   N/I      0x297      0x297   .absSeg246
.abs_section_298                   1   N/I      0x298      0x298   .absSeg247
.abs_section_299                   1   N/I      0x299      0x299   .absSeg248
.abs_section_29a                   1   N/I      0x29A      0x29A   .absSeg249
.abs_section_29b                   1   N/I      0x29B      0x29B   .absSeg250
.abs_section_29c                   1   N/I      0x29C      0x29C   .absSeg251
.abs_section_29d                   1   N/I      0x29D      0x29D   .absSeg252
.abs_section_29e                   1   N/I      0x29E      0x29E   .absSeg253
.abs_section_29f                   1   N/I      0x29F      0x29F   .absSeg254
.abs_section_2a0                   1   N/I      0x2A0      0x2A0   .absSeg255
.abs_section_2a1                   1   N/I      0x2A1      0x2A1   .absSeg256
.abs_section_2a2                   1   N/I      0x2A2      0x2A2   .absSeg257
.abs_section_2a3                   1   N/I      0x2A3      0x2A3   .absSeg258
.abs_section_2a4                   1   N/I      0x2A4      0x2A4   .absSeg259
.abs_section_2a5                   1   N/I      0x2A5      0x2A5   .absSeg260
.abs_section_2a6                   1   N/I      0x2A6      0x2A6   .absSeg261
.abs_section_2a7                   1   N/I      0x2A7      0x2A7   .absSeg262
.abs_section_2a8                   1   N/I      0x2A8      0x2A8   .absSeg263
.abs_section_2a9                   1   N/I      0x2A9      0x2A9   .absSeg264
.abs_section_2aa                   1   N/I      0x2AA      0x2AA   .absSeg265
.abs_section_2ab                   1   N/I      0x2AB      0x2AB   .absSeg266
.abs_section_2ac                   1   N/I      0x2AC      0x2AC   .absSeg267
.abs_section_2b0                   1   N/I      0x2B0      0x2B0   .absSeg268
.abs_section_2b1                   1   N/I      0x2B1      0x2B1   .absSeg269
.abs_section_2b2                   1   N/I      0x2B2      0x2B2   .absSeg270
.abs_section_2b3                   1   N/I      0x2B3      0x2B3   .absSeg271
.abs_section_2b4                   1   N/I      0x2B4      0x2B4   .absSeg272
.abs_section_2b5                   1   N/I      0x2B5      0x2B5   .absSeg273
.abs_section_2b6                   1   N/I      0x2B6      0x2B6   .absSeg274
.abs_section_2b7                   1   N/I      0x2B7      0x2B7   .absSeg275
.abs_section_2b8                   1   N/I      0x2B8      0x2B8   .absSeg276
.abs_section_2b9                   1   N/I      0x2B9      0x2B9   .absSeg277
.abs_section_2ba                   1   N/I      0x2BA      0x2BA   .absSeg278
.abs_section_2bb                   1   N/I      0x2BB      0x2BB   .absSeg279
.abs_section_2bc                   1   N/I      0x2BC      0x2BC   .absSeg280
.abs_section_2bd                   1   N/I      0x2BD      0x2BD   .absSeg281
.abs_section_0                     2   N/I        0x0        0x1   .absSeg282
.abs_section_2                     2   N/I        0x2        0x3   .absSeg283
.abs_section_1a                    2   N/I       0x1A       0x1B   .absSeg284
.abs_section_44                    2   N/I       0x44       0x45   .absSeg285
.abs_section_50                    2   N/I       0x50       0x51   .absSeg286
.abs_section_52                    2   N/I       0x52       0x53   .absSeg287
.abs_section_54                    2   N/I       0x54       0x55   .absSeg288
.abs_section_56                    2   N/I       0x56       0x57   .absSeg289
.abs_section_58                    2   N/I       0x58       0x59   .absSeg290
.abs_section_5a                    2   N/I       0x5A       0x5B   .absSeg291
.abs_section_5c                    2   N/I       0x5C       0x5D   .absSeg292
.abs_section_5e                    2   N/I       0x5E       0x5F   .absSeg293
.abs_section_62                    2   N/I       0x62       0x63   .absSeg294
.abs_section_64                    2   N/I       0x64       0x65   .absSeg295
.abs_section_72                    2   N/I       0x72       0x73   .absSeg296
.abs_section_74                    2   N/I       0x74       0x75   .absSeg297
.abs_section_76                    2   N/I       0x76       0x77   .absSeg298
.abs_section_78                    2   N/I       0x78       0x79   .absSeg299
.abs_section_7a                    2   N/I       0x7A       0x7B   .absSeg300
.abs_section_7c                    2   N/I       0x7C       0x7D   .absSeg301
.abs_section_7e                    2   N/I       0x7E       0x7F   .absSeg302
.abs_section_82                    2   N/I       0x82       0x83   .absSeg303
.abs_section_84                    2   N/I       0x84       0x85   .absSeg304
.abs_section_90                    2   N/I       0x90       0x91   .absSeg305
.abs_section_92                    2   N/I       0x92       0x93   .absSeg306
.abs_section_94                    2   N/I       0x94       0x95   .absSeg307
.abs_section_96                    2   N/I       0x96       0x97   .absSeg308
.abs_section_98                    2   N/I       0x98       0x99   .absSeg309
.abs_section_9a                    2   N/I       0x9A       0x9B   .absSeg310
.abs_section_9c                    2   N/I       0x9C       0x9D   .absSeg311
.abs_section_9e                    2   N/I       0x9E       0x9F   .absSeg312
.abs_section_ac                    2   N/I       0xAC       0xAD   .absSeg313
.abs_section_ae                    2   N/I       0xAE       0xAF   .absSeg314
.abs_section_b0                    2   N/I       0xB0       0xB1   .absSeg315
.abs_section_b2                    2   N/I       0xB2       0xB3   .absSeg316
.abs_section_b4                    2   N/I       0xB4       0xB5   .absSeg317
.abs_section_b6                    2   N/I       0xB6       0xB7   .absSeg318
.abs_section_b8                    2   N/I       0xB8       0xB9   .absSeg319
.abs_section_ba                    2   N/I       0xBA       0xBB   .absSeg320
.abs_section_bc                    2   N/I       0xBC       0xBD   .absSeg321
.abs_section_be                    2   N/I       0xBE       0xBF   .absSeg322
.abs_section_c0                    2   N/I       0xC0       0xC1   .absSeg323
.abs_section_c2                    2   N/I       0xC2       0xC3   .absSeg324
.abs_section_c8                    2   N/I       0xC8       0xC9   .absSeg325
.abs_section_d0                    2   N/I       0xD0       0xD1   .absSeg326
.abs_section_122                   2   N/I      0x122      0x123   .absSeg327
.abs_section_124                   2   N/I      0x124      0x125   .absSeg328
.abs_section_130                   2   N/I      0x130      0x131   .absSeg329
.abs_section_132                   2   N/I      0x132      0x133   .absSeg330
.abs_section_134                   2   N/I      0x134      0x135   .absSeg331
.abs_section_136                   2   N/I      0x136      0x137   .absSeg332
.abs_section_138                   2   N/I      0x138      0x139   .absSeg333
.abs_section_13a                   2   N/I      0x13A      0x13B   .absSeg334
.abs_section_13c                   2   N/I      0x13C      0x13D   .absSeg335
.abs_section_13e                   2   N/I      0x13E      0x13F   .absSeg336
.abs_section_16e                   2   N/I      0x16E      0x16F   .absSeg337
.abs_section_17e                   2   N/I      0x17E      0x17F   .absSeg338
.abs_section_2ae                   2   N/I      0x2AE      0x2AF   .absSeg339
.abs_section_2be                   2   N/I      0x2BE      0x2BF   .absSeg340
.abs_section_ff80                126     R     0xFF80     0xFFFD   .absSeg341

Summary of section sizes per section type:
READ_ONLY (R):          7E (dec:      126)
NO_INIT (N/I):         190 (dec:      400)

*********************************************************************************************
VECTOR-ALLOCATION SECTION
    Address     InitValue   InitFunction
---------------------------------------------------------------------------------------------

*********************************************************************************************
OBJECT-ALLOCATION SECTION
     Name               Module                 Addr   hSize   dSize     Ref    Section   RLIB
---------------------------------------------------------------------------------------------

*********************************************************************************************
MODULE STATISTIC
  Name                                      Data   Code  Const
---------------------------------------------------------------------------------------------

*********************************************************************************************
SECTION USE IN OBJECT-ALLOCATION SECTION
---------------------------------------------------------------------------------------------

*********************************************************************************************
OBJECT LIST SORTED BY ADDRESS
     Name                                      Addr   hSize   dSize     Ref    Section   RLIB
---------------------------------------------------------------------------------------------

*********************************************************************************************
UNUSED-OBJECTS SECTION
---------------------------------------------------------------------------------------------

*********************************************************************************************
COPYDOWN SECTION
---------------------------------------------------------------------------------------------

*********************************************************************************************
OBJECT-DEPENDENCIES SECTION
---------------------------------------------------------------------------------------------

*********************************************************************************************
STATISTIC SECTION
---------------------------------------------------------------------------------------------

ExeFile:
--------
Number of blocks to be downloaded: 0
Total size of all blocks to be downloaded: 0

